
Allocating common symbols
Common symbol       size              file

Pval                0x4               Presure_Sensor_Driver.o

Memory Configuration

Name             Origin             Length             Attributes
flash            0x08000000         0x00020000         xr
sram             0x20000000         0x00005000         xrw
*default*        0x00000000         0xffffffff

Linker script and memory map


.text           0x08000000      0x22c
 *(.vectors*)
 .vectors       0x08000000       0x1c startup.o
                0x08000000                vectors
 *(.text*)
 .text          0x0800001c       0x90 startup.o
                0x0800001c                Bus_Fault_Handler
                0x0800001c                MM_Fault_Handler
                0x0800001c                Usage_Fault_Handler
                0x0800001c                Default_Handler
                0x0800001c                H_fault_Handler
                0x0800001c                NMI_Handler
                0x08000028                Reset_Handler
 .text          0x080000ac       0x3c Presure_Sensor_Driver.o
                0x080000ac                get_Pval
                0x080000d0                Send_Pval
 .text          0x080000e8        0xe main.o
                0x080000e8                main
 *fill*         0x080000f6        0x2 
 .text          0x080000f8       0x44 High_Presure_Detection_main.o
                0x080000f8                Recieve_Pval
                0x0800010e                check_presure
 .text          0x0800013c       0x28 Alarm_Driver.o
                0x0800013c                Alarm_On
                0x08000156                Alarm_Off
 .text          0x08000164       0xc4 driver.o
                0x08000164                Delay
                0x08000184                getPressureVal
                0x0800019c                Set_Alarm_actuator
                0x080001d8                GPIO_INITIALIZATION
 *(.rodata*)
 .rodata        0x08000228        0x1 High_Presure_Detection_main.o
                0x0800022c                . = ALIGN (0x4)
 *fill*         0x08000229        0x3 
                0x0800022c                _E_TEXT = .

.glue_7         0x0800022c        0x0
 .glue_7        0x0800022c        0x0 linker stubs

.glue_7t        0x0800022c        0x0
 .glue_7t       0x0800022c        0x0 linker stubs

.vfp11_veneer   0x0800022c        0x0
 .vfp11_veneer  0x0800022c        0x0 linker stubs

.v4_bx          0x0800022c        0x0
 .v4_bx         0x0800022c        0x0 linker stubs

.iplt           0x0800022c        0x0
 .iplt          0x0800022c        0x0 startup.o

.rel.dyn        0x0800022c        0x0
 .rel.iplt      0x0800022c        0x0 startup.o

.data           0x20000000        0x0 load address 0x0800022c
                0x20000000                _S_DATA = .
 *(.data*)
 .data          0x20000000        0x0 startup.o
 .data          0x20000000        0x0 Presure_Sensor_Driver.o
 .data          0x20000000        0x0 main.o
 .data          0x20000000        0x0 High_Presure_Detection_main.o
 .data          0x20000000        0x0 Alarm_Driver.o
 .data          0x20000000        0x0 driver.o
                0x20000000                . = ALIGN (0x4)
                0x20000000                _E_DATA = .

.igot.plt       0x20000000        0x0 load address 0x0800022c
 .igot.plt      0x20000000        0x0 startup.o

.BSS            0x20000000        0x0 load address 0x0800022c
                0x20000000                _S_BSS = .
 *(.bss*)
 .bss           0x20000000        0x0 startup.o
 .bss           0x20000000        0x0 Presure_Sensor_Driver.o
 .bss           0x20000000        0x0 main.o
 .bss           0x20000000        0x0 High_Presure_Detection_main.o
 .bss           0x20000000        0x0 Alarm_Driver.o
 .bss           0x20000000        0x0 driver.o
                0x20000000                . = ALIGN (0x4)
                0x20000000                _E_BSS = .

.comment        0x0800022c       0x7e
 *(.comment*)
 .comment       0x0800022c       0x7e startup.o
                                 0x7f (size before relaxing)
 .comment       0x080002aa       0x7f Presure_Sensor_Driver.o
 .comment       0x080002aa       0x7f main.o
 .comment       0x080002aa       0x7f High_Presure_Detection_main.o
 .comment       0x080002aa       0x7f Alarm_Driver.o
 .comment       0x080002aa       0x7f driver.o
                0x0800032c                . = ALIGN (0x4)
                0x0800132c                . = (. + 0x1000)
                0x0800132c                stack_top = .
LOAD startup.o
LOAD Presure_Sensor_Driver.o
LOAD main.o
LOAD High_Presure_Detection_main.o
LOAD Alarm_Driver.o
LOAD driver.o
OUTPUT(First_Term_Project_1.elf elf32-littlearm)

.ARM.attributes
                0x00000000       0x33
 .ARM.attributes
                0x00000000       0x33 startup.o
 .ARM.attributes
                0x00000033       0x33 Presure_Sensor_Driver.o
 .ARM.attributes
                0x00000066       0x33 main.o
 .ARM.attributes
                0x00000099       0x33 High_Presure_Detection_main.o
 .ARM.attributes
                0x000000cc       0x33 Alarm_Driver.o
 .ARM.attributes
                0x000000ff       0x33 driver.o

.debug_info     0x00000000     0x32e2
 .debug_info    0x00000000      0x18a startup.o
 .debug_info    0x0000018a      0x9e6 Presure_Sensor_Driver.o
 .debug_info    0x00000b70      0x9c0 main.o
 .debug_info    0x00001530      0x9fd High_Presure_Detection_main.o
 .debug_info    0x00001f2d      0x9ad Alarm_Driver.o
 .debug_info    0x000028da      0xa08 driver.o

.debug_abbrev   0x00000000      0x919
 .debug_abbrev  0x00000000       0xcd startup.o
 .debug_abbrev  0x000000cd      0x1bd Presure_Sensor_Driver.o
 .debug_abbrev  0x0000028a      0x18b main.o
 .debug_abbrev  0x00000415      0x1b0 High_Presure_Detection_main.o
 .debug_abbrev  0x000005c5      0x176 Alarm_Driver.o
 .debug_abbrev  0x0000073b      0x1de driver.o

.debug_loc      0x00000000      0x35c
 .debug_loc     0x00000000       0x7c startup.o
 .debug_loc     0x0000007c       0x7c Presure_Sensor_Driver.o
 .debug_loc     0x000000f8       0x2c main.o
 .debug_loc     0x00000124       0xa0 High_Presure_Detection_main.o
 .debug_loc     0x000001c4       0x58 Alarm_Driver.o
 .debug_loc     0x0000021c      0x140 driver.o

.debug_aranges  0x00000000       0xc0
 .debug_aranges
                0x00000000       0x20 startup.o
 .debug_aranges
                0x00000020       0x20 Presure_Sensor_Driver.o
 .debug_aranges
                0x00000040       0x20 main.o
 .debug_aranges
                0x00000060       0x20 High_Presure_Detection_main.o
 .debug_aranges
                0x00000080       0x20 Alarm_Driver.o
 .debug_aranges
                0x000000a0       0x20 driver.o

.debug_line     0x00000000      0x5da
 .debug_line    0x00000000       0x7d startup.o
 .debug_line    0x0000007d      0x11b Presure_Sensor_Driver.o
 .debug_line    0x00000198      0x14f main.o
 .debug_line    0x000002e7      0x109 High_Presure_Detection_main.o
 .debug_line    0x000003f0       0xe2 Alarm_Driver.o
 .debug_line    0x000004d2      0x108 driver.o

.debug_str      0x00000000      0x621
 .debug_str     0x00000000      0x170 startup.o
                                0x1b4 (size before relaxing)
 .debug_str     0x00000170      0x3ee Presure_Sensor_Driver.o
                                0x553 (size before relaxing)
 .debug_str     0x0000055e       0x10 main.o
                                0x53f (size before relaxing)
 .debug_str     0x0000056e       0x45 High_Presure_Detection_main.o
                                0x570 (size before relaxing)
 .debug_str     0x000005b3       0x22 Alarm_Driver.o
                                0x53c (size before relaxing)
 .debug_str     0x000005d5       0x4c driver.o
                                0x56f (size before relaxing)

.debug_frame    0x00000000      0x20c
 .debug_frame   0x00000000       0x50 startup.o
 .debug_frame   0x00000050       0x50 Presure_Sensor_Driver.o
 .debug_frame   0x000000a0       0x2c main.o
 .debug_frame   0x000000cc       0x58 High_Presure_Detection_main.o
 .debug_frame   0x00000124       0x48 Alarm_Driver.o
 .debug_frame   0x0000016c       0xa0 driver.o

.bss            0x20000000        0x4
 COMMON         0x20000000        0x4 Presure_Sensor_Driver.o
                0x20000000                Pval
