Stm32_F103C6_USART_Driver.c:26:6:MCAL_UART_Init	32	static
Stm32_F103C6_USART_Driver.c:106:6:MCAL_UART_DeInit	16	static
Stm32_F103C6_USART_Driver.c:132:6:MCAL_UART_GPIO_Set_Pins	24	static
Stm32_F103C6_USART_Driver.c:228:6:MCAL_UART_GPIO_Set_Pins_NO_CTS_RTS	16	static
Stm32_F103C6_USART_Driver.c:232:6:MCAL_UART_GPIO_Set_Pins_CTS_RTS	16	static
Stm32_F103C6_USART_Driver.c:236:6:MCAL_UART_GPIO_Set_Pins_CTS	16	static
Stm32_F103C6_USART_Driver.c:240:6:MCAL_UART_GPIO_Set_Pins_RTS	16	static
Stm32_F103C6_USART_Driver.c:256:6:MCAL_UART_SendData	24	static
Stm32_F103C6_USART_Driver.c:274:6:MCAL_UART_SendData_8B	24	static
Stm32_F103C6_USART_Driver.c:278:6:MCAL_UART_SendData_9B	24	static
Stm32_F103C6_USART_Driver.c:292:6:MCAL_UART_ReceiveData	24	static
Stm32_F103C6_USART_Driver.c:324:6:MCAL_UART_ReceiveData_8B_NO_Parity	32	static
Stm32_F103C6_USART_Driver.c:328:6:MCAL_UART_ReceiveData_8B_Parity	32	static
Stm32_F103C6_USART_Driver.c:332:6:MCAL_UART_ReceiveData_9B_NO_Parity	32	static
Stm32_F103C6_USART_Driver.c:336:6:MCAL_UART_ReceiveData_9B_Parity	32	static
Stm32_F103C6_USART_Driver.c:348:6:MCAL_UART_WAIT_TC	16	static
Stm32_F103C6_USART_Driver.c:353:6:USART1_IRQHandler	8	static
Stm32_F103C6_USART_Driver.c:357:6:USART2_IRQHandler	8	static
Stm32_F103C6_USART_Driver.c:362:6:USART3_IRQHandler	8	static
