Stm32_F103C6_EXTI_Driver.c:24:6:NVIC_Enable	16	static
Stm32_F103C6_EXTI_Driver.c:61:6:NVIC_Disable	16	static
Stm32_F103C6_EXTI_Driver.c:98:6:Update_EXTI	24	static
Stm32_F103C6_EXTI_Driver.c:154:6:MCAL_EXTI_Deinit	4	static
Stm32_F103C6_EXTI_Driver.c:182:6:MCAL_EXTI_Init	16	static
Stm32_F103C6_EXTI_Driver.c:195:6:MCAL_EXTI_Update	16	static
Stm32_F103C6_EXTI_Driver.c:203:6:EXTI0_IRQHandler	8	static
Stm32_F103C6_EXTI_Driver.c:209:6:EXTI1_IRQHandler	8	static
Stm32_F103C6_EXTI_Driver.c:215:6:EXTI2_IRQHandler	8	static
Stm32_F103C6_EXTI_Driver.c:221:6:EXTI3_IRQHandler	8	static
Stm32_F103C6_EXTI_Driver.c:227:6:EXTI4_IRQHandler	8	static
Stm32_F103C6_EXTI_Driver.c:233:6:EXTI9_5_IRQHandler	8	static
Stm32_F103C6_EXTI_Driver.c:242:6:EXTI15_10_IRQHandler	8	static
